#-----------------------------------------------------------
# Vivado v2018.2 (64-bit)
# SW Build 2258646 on Thu Jun 14 20:02:38 MDT 2018
# IP Build 2256618 on Thu Jun 14 22:10:49 MDT 2018
# Start of session at: Thu Feb 20 12:59:41 2025
# Process ID: 2614788
# Current directory: /home/younas/Documents/Sorting_Alg/sorting_algorithm/sorting_v1_4
# Command line: vivado sorting_pr.xpr
# Log file: /home/younas/Documents/Sorting_Alg/sorting_algorithm/sorting_v1_4/vivado.log
# Journal file: /home/younas/Documents/Sorting_Alg/sorting_algorithm/sorting_v1_4/vivado.jou
#-----------------------------------------------------------
start_gui
open_project sorting_pr.xpr
update_compile_order -fileset sources_1
launch_simulation
open_wave_config /home/younas/Documents/Sorting_Alg/sorting_algorithm/sorting_v1_4/sorting_top_tb_behav.wcfg
source sorting_top_tb.tcl
relaunch_sim
relaunch_sim
run 10 us
run 10 us
relaunch_sim
relaunch_sim
relaunch_sim
relaunch_sim
relaunch_sim
relaunch_sim
relaunch_sim
relaunch_sim
relaunch_sim
relaunch_sim
relaunch_sim
relaunch_sim
relaunch_sim
relaunch_sim
run 10 us
save_wave_config {/home/younas/Documents/Sorting_Alg/sorting_algorithm/sorting_v1_4/sorting_top_tb_behav.wcfg}
save_wave_config {/home/younas/Documents/Sorting_Alg/sorting_algorithm/sorting_v1_4/sorting_top_tb_behav.wcfg}
relaunch_sim
run 10 us
relaunch_sim
run 10 us
relaunch_sim
run 10 us
relaunch_sim
relaunch_sim
relaunch_sim
relaunch_sim
run 10 us
run 10 us
relaunch_sim
run 10 us
run 10 us
relaunch_sim
run 10 us
run 10 us
relaunch_sim
run 10 us
